mahna@MSSRFCP7 MINGW64 ~/Ironhack/Week1
$ cd Day2/Morning

mahna@MSSRFCP7 MINGW64 ~/Ironhack/Week1/Day2/Morning
$ git clone https://github.com/Mahnaz-Meem/lab-bash.git
Cloning into 'lab-bash'...
remote: Enumerating objects: 40, done.
remote: Counting objects: 100% (23/23), done.
remote: Compressing objects: 100% (13/13), done.
remote: Total 40 (delta 14), reused 10 (delta 10), pack-reused 17
Receiving objects: 100% (40/40), 11.61 KiB | 2.32 MiB/s, done.
Resolving deltas: 100% (14/14), done.

mahna@MSSRFCP7 MINGW64 ~/Ironhack/Week1/Day2/Morning
$ ls
'L. 1.03_students.ipynb'   file1.csv   file3.xlsx   lab-bash/
 data_1.03_activities/     file2.txt   file4.xlsx

mahna@MSSRFCP7 MINGW64 ~/Ironhack/Week1/Day2/Morning
$ cd lab-bash

mahna@MSSRFCP7 MINGW64 ~/Ironhack/Week1/Day2/Morning/lab-bash (master)
$ echo Hello World
Hello World

mahna@MSSRFCP7 MINGW64 ~/Ironhack/Week1/Day2/Morning/lab-bash (master)
$ mkdir new_dir

mahna@MSSRFCP7 MINGW64 ~/Ironhack/Week1/Day2/Morning/lab-bash (master)
$ rm new_dir
rm: cannot remove 'new_dir': Is a directory

mahna@MSSRFCP7 MINGW64 ~/Ironhack/Week1/Day2/Morning/lab-bash (master)
$ rm -r new_dir

mahna@MSSRFCP7 MINGW64 ~/Ironhack/Week1/Day2/Morning/lab-bash (master)
$ cd lorem

mahna@MSSRFCP7 MINGW64 ~/Ironhack/Week1/Day2/Morning/lab-bash/lorem (master)
$ ls
at.txt  at.txte  lorem.txt  sed.txt

mahna@MSSRFCP7 MINGW64 ~/Ironhack/Week1/Day2/Morning/lab-bash/lorem (master)
$ cp sed.txt sed_copy.txt

mahna@MSSRFCP7 MINGW64 ~/Ironhack/Week1/Day2/Morning/lab-bash/lorem (master)
$ ls
at.txt  at.txte  lorem.txt  sed.txt  sed_copy.txt

mahna@MSSRFCP7 MINGW64 ~/Ironhack/Week1/Day2/Morning/lab-bash/lorem (master)
$ mv sed_copy.txt ~

mahna@MSSRFCP7 MINGW64 ~/Ironhack/Week1/Day2/Morning/lab-bash/lorem (master)
$ ls
at.txt  at.txte  lorem.txt  sed.txt

mahna@MSSRFCP7 MINGW64 ~/Ironhack/Week1/Day2/Morning/lab-bash/lorem (master)
$ cd ..

mahna@MSSRFCP7 MINGW64 ~/Ironhack/Week1/Day2/Morning/lab-bash (master)
$ ls
exercices/  inputs/  lorem/  lorem-copy/  outputs/  readme.md

mahna@MSSRFCP7 MINGW64 ~/Ironhack/Week1/Day2/Morning/lab-bash (master)
$ ls ~
'3D Objects'/
 86B3F2D6AC2B00178AE1F2F77F781B0C.TMP/
 AppData/
'Application Data'@
 Contacts/
 Cookies@
 Documents/
 Downloads/
 Favorites/
 IntelGraphicsProfiles/
 Ironhack/
 Links/
'Local Settings'@
 Music/
'My Documents'@
 NTUSER.DAT
 NTUSER.DAT{1c2b59c6-c5f5-11eb-bacb-000d3a96488e}.TM.blf
 NTUSER.DAT{1c2b59c6-c5f5-11eb-bacb-000d3a96488e}.TMContainer00000000000000000001.regtrans-ms
 NTUSER.DAT{1c2b59c6-c5f5-11eb-bacb-000d3a96488e}.TMContainer00000000000000000002.regtrans-ms
 NetHood@
 OneDrive/
 PrintHood@
 Recent@
'Saved Games'/
 Searches/
 SendTo@
'Start Menu'@
 Templates@
 Tracing/
 Untitled.ipynb
 Videos/
 anaconda3/
 copied.txt
 hello.txt
 ntuser.dat.LOG1
 ntuser.dat.LOG2
 ntuser.ini
 sed_copy.txt


mahna@MSSRFCP7 MINGW64 ~/Ironhack/Week1/Day2/Morning/lab-bash (master)
$ cd lorem-copy



mahna@MSSRFCP7 MINGW64 ~/Ironhack/Week1/Day2/Morning/lab-bash/lorem-copy (master)
$ cd ..

mahna@MSSRFCP7 MINGW64 ~/Ironhack/Week1/Day2/Morning/lab-bash (master)
$ cd lorem

mahna@MSSRFCP7 MINGW64 ~/Ironhack/Week1/Day2/Morning/lab-bash/lorem (master)
$ ls
at.txt  at.txte  lorem.txt  sed.txt

mahna@MSSRFCP7 MINGW64 ~/Ironhack/Week1/Day2/Morning/lab-bash/lorem (master)
$ cp sed.txt sed2.txt




mahna@MSSRFCP7 MINGW64 ~/Ironhack/Week1/Day2/Morning/lab-bash/lorem (master)
$ ^C

mahna@MSSRFCP7 MINGW64 ~/Ironhack/Week1/Day2/Morning/lab-bash/lorem (master)
$ mv sed2.txt ./lorem-copy/sed2.txt


mahna@MSSRFCP7 MINGW64 ~/Ironhack/Week1/Day2/Morning/lab-bash/lorem (master)
$ mv sed2.txt .

mahna@MSSRFCP7 MINGW64 ~/Ironhack/Week1/Day2/Morning/lab-bash/lorem (master)
$ mv sed2.txt ../lorem-copy

mahna@MSSRFCP7 MINGW64 ~/Ironhack/Week1/Day2/Morning/lab-bash/lorem (master)
$ cat sed.txt
Sed ut perspiciatis unde omnis iste natus error sit voluptatem accusantium doloremque laudantium,
totam rem aperiam, eaque ipsa quae ab illo inventore veritatis et quasi architecto beatae vitae dicta sunt explicabo.
Nemo enim ipsam voluptatem quia voluptas sit aspernatur aut odit aut fugit,
sed quia consequuntur magni dolores eos qui ratione voluptatem sequi nesciunt.
Neque porro quisquam est, qui dolorem ipsum quia dolor sit amet, consectetur, adipisci velit,
sed quia non numquam eius modi tempora incidunt ut labore et dolore magnam aliquam quaerat voluptatem.
Ut enim ad minima veniam, quis nostrum exercitationem ullam corporis suscipit laboriosam,
nisi ut aliquid ex ea commodi consequatur? Quis autem vel eum iure reprehenderit qui in ea voluptate velit esse quam nihil molestiae consequatur,
vel illum qui dolorem eum fugiat quo voluptas nulla pariatur?Homo homini lupus

mahna@MSSRFCP7 MINGW64 ~/Ironhack/Week1/Day2/Morning/lab-bash/lorem (master)
$ cat at.txt
At vero eos ET accusamus ET iusto odio dignissimos ducimus qui blanditiis praesentium voluptatum
deleniti atque corrupti quos dolores ET quas molestias excepturi sint occaecati cupiditate non
provident, similique sunt in culpa qui officia deserunt mollitia animi, id est laborum ET dolorum fuga.
Et harum quidem rerum facilis est ET expedita distinctio.
Nam libero tempore, cum soluta nobis est eligendi optio cumque nihil impedit quo minus id quod
maxime placeat facere possimus, omnis voluptas assumenda est, omnis dolor repellendus.
Temporibus autem quibusdam ET aut officiis debitis aut rerum necessitatibus saepe eveniET
ut ET voluptates repudiandae sint ET molestiae non recusandae.
Itaque earum rerum hic tenETur a sapiente delectus, ut aut reiciendis voluptatibus maiores
alias consequatur aut perferendis doloribus asperiores repellat

mahna@MSSRFCP7 MINGW64 ~/Ironhack/Week1/Day2/Morning/lab-bash/lorem (master)
$ cat lorem.txt
Lorem ipsum dolor sit amet, consectetur adipiscing elit, sed do eiusmod tempor incididunt ut labore et dolore magna aliqua.
Ut enim ad minim veniam, quis nostrud exercitation ullamco laboris nisi ut aliquip ex ea commodo consequat.
Duis aute irure dolor in reprehenderit in voluptate velit esse cillum dolore eu fugiat nulla pariatur.
Excepteur sint occaecat cupidatat non proident, sunt in culpa qui officia deserunt mollit anim id est laborum.


mahna@MSSRFCP7 MINGW64 ~/Ironhack/Week1/Day2/Morning/lab-bash/lorem (master)
$ > echo $line1

mahna@MSSRFCP7 MINGW64 ~/Ironhack/Week1/Day2/Morning/lab-bash/lorem (master)
$ > echo $line2

mahna@MSSRFCP7 MINGW64 ~/Ironhack/Week1/Day2/Morning/lab-bash/lorem (master)
$ > echo $line3


mahna@MSSRFCP7 MINGW64 ~/Ironhack/Week1/Day2/Morning/lab-bash/lorem (master)
$ cd ..

mahna@MSSRFCP7 MINGW64 ~/Ironhack/Week1/Day2/Morning/lab-bash (master)
$ cd lorem-copy

mahna@MSSRFCP7 MINGW64 ~/Ironhack/Week1/Day2/Morning/lab-bash/lorem-copy (master)
$ tail -3 sed2.txt
Ut enim ad minima veniam, quis nostrum exercitationem ullam corporis suscipit laboriosam,
nisi ut aliquid ex ea commodi consequatur? Quis autem vel eum iure reprehenderit qui in ea voluptate velit esse quam nihil molestiae consequatur,
vel illum qui dolorem eum fugiat quo voluptas nulla pariatur?Homo homini lupus

mahna@MSSRFCP7 MINGW64 ~/Ironhack/Week1/Day2/Morning/lab-bash/lorem-copy (master)
$ head -3 sed2.txt
Sed ut perspiciatis unde omnis iste natus error sit voluptatem accusantium doloremque laudantium,
totam rem aperiam, eaque ipsa quae ab illo inventore veritatis et quasi architecto beatae vitae dicta sunt explicabo.
Nemo enim ipsam voluptatem quia voluptas sit aspernatur aut odit aut fugit,

mahna@MSSRFCP7 MINGW64 ~/Ironhack/Week1/Day2/Morning/lab-bash/lorem-copy (master)
$ echo "Homo homini lupus" >> sed2.txt

mahna@MSSRFCP7 MINGW64 ~/Ironhack/Week1/Day2/Morning/lab-bash/lorem-copy (master)
$ cat sed2.txt
Sed ut perspiciatis unde omnis iste natus error sit voluptatem accusantium doloremque laudantium,
totam rem aperiam, eaque ipsa quae ab illo inventore veritatis et quasi architecto beatae vitae dicta sunt explicabo.
Nemo enim ipsam voluptatem quia voluptas sit aspernatur aut odit aut fugit,
sed quia consequuntur magni dolores eos qui ratione voluptatem sequi nesciunt.
Neque porro quisquam est, qui dolorem ipsum quia dolor sit amet, consectetur, adipisci velit,
sed quia non numquam eius modi tempora incidunt ut labore et dolore magnam aliquam quaerat voluptatem.
Ut enim ad minima veniam, quis nostrum exercitationem ullam corporis suscipit laboriosam,
nisi ut aliquid ex ea commodi consequatur? Quis autem vel eum iure reprehenderit qui in ea voluptate velit esse quam nihil molestiae consequatur,
vel illum qui dolorem eum fugiat quo voluptas nulla pariatur?Homo homini lupus
Homo homini lupus

mahna@MSSRFCP7 MINGW64 ~/Ironhack/Week1/Day2/Morning/lab-bash/lorem-copy (master)
$ tail -3 sed2.txt
nisi ut aliquid ex ea commodi consequatur? Quis autem vel eum iure reprehenderit qui in ea voluptate velit esse quam nihil molestiae consequatur,
vel illum qui dolorem eum fugiat quo voluptas nulla pariatur?Homo homini lupus
Homo homini lupus

mahna@MSSRFCP7 MINGW64 ~/Ironhack/Week1/Day2/Morning/lab-bash/lorem-copy (master)
$ cd ..

mahna@MSSRFCP7 MINGW64 ~/Ironhack/Week1/Day2/Morning/lab-bash (master)
$ cd lorem

mahna@MSSRFCP7 MINGW64 ~/Ironhack/Week1/Day2/Morning/lab-bash/lorem (master)
$ sed -i 's/et/ET/g' at.txt

mahna@MSSRFCP7 MINGW64 ~/Ironhack/Week1/Day2/Morning/lab-bash/lorem (master)
$ cat at.txt
At vero eos ET accusamus ET iusto odio dignissimos ducimus qui blanditiis praesentium voluptatum
deleniti atque corrupti quos dolores ET quas molestias excepturi sint occaecati cupiditate non
provident, similique sunt in culpa qui officia deserunt mollitia animi, id est laborum ET dolorum fuga.
Et harum quidem rerum facilis est ET expedita distinctio.
Nam libero tempore, cum soluta nobis est eligendi optio cumque nihil impedit quo minus id quod
maxime placeat facere possimus, omnis voluptas assumenda est, omnis dolor repellendus.
Temporibus autem quibusdam ET aut officiis debitis aut rerum necessitatibus saepe eveniET
ut ET voluptates repudiandae sint ET molestiae non recusandae.
Itaque earum rerum hic tenETur a sapiente delectus, ut aut reiciendis voluptatibus maiores
alias consequatur aut perferendis doloribus asperiores repellat

mahna@MSSRFCP7 MINGW64 ~/Ironhack/Week1/Day2/Morning/lab-bash/lorem (master)
$ cat sed.txt
Sed ut perspiciatis unde omnis iste natus error sit voluptatem accusantium doloremque laudantium,
totam rem aperiam, eaque ipsa quae ab illo inventore veritatis et quasi architecto beatae vitae dicta sunt explicabo.
Nemo enim ipsam voluptatem quia voluptas sit aspernatur aut odit aut fugit,
sed quia consequuntur magni dolores eos qui ratione voluptatem sequi nesciunt.
Neque porro quisquam est, qui dolorem ipsum quia dolor sit amet, consectetur, adipisci velit,
sed quia non numquam eius modi tempora incidunt ut labore et dolore magnam aliquam quaerat voluptatem.
Ut enim ad minima veniam, quis nostrum exercitationem ullam corporis suscipit laboriosam,
nisi ut aliquid ex ea commodi consequatur? Quis autem vel eum iure reprehenderit qui in ea voluptate velit esse quam nihil molestiae consequatur,
vel illum qui dolorem eum fugiat quo voluptas nulla pariatur?Homo homini lupus

mahna@MSSRFCP7 MINGW64 ~/Ironhack/Week1/Day2/Morning/lab-bash/lorem (master)
$ whoami
mahna

mahna@MSSRFCP7 MINGW64 ~/Ironhack/Week1/Day2/Morning/lab-bash/lorem (master)
$ pwd
/c/Users/mahna/Ironhack/Week1/Day2/Morning/lab-bash/lorem

mahna@MSSRFCP7 MINGW64 ~/Ironhack/Week1/Day2/Morning/lab-bash/lorem (master)
$ ls .txt
ls: cannot access '.txt': No such file or directory

mahna@MSSRFCP7 MINGW64 ~/Ironhack/Week1/Day2/Morning/lab-bash/lorem (master)
$ ls . | grep *.txt

mahna@MSSRFCP7 MINGW64 ~/Ironhack/Week1/Day2/Morning/lab-bash/lorem (master)
$ ls
at.txt  at.txte  done  echo  lorem.txt  read  sed.txt

mahna@MSSRFCP7 MINGW64 ~/Ironhack/Week1/Day2/Morning/lab-bash/lorem (master)
$ man ls
bash: man: command not found

mahna@MSSRFCP7 MINGW64 ~/Ironhack/Week1/Day2/Morning/lab-bash/lorem (master)
$ ls '.txt'
ls: cannot access '.txt': No such file or directory

mahna@MSSRFCP7 MINGW64 ~/Ironhack/Week1/Day2/Morning/lab-bash/lorem (master)
$ ls *.txt
at.txt  lorem.txt  sed.txt

mahna@MSSRFCP7 MINGW64 ~/Ironhack/Week1/Day2/Morning/lab-bash/lorem (master)
$ wc -l < /lorem/sed.txt
bash: /lorem/sed.txt: No such file or directory

mahna@MSSRFCP7 MINGW64 ~/Ironhack/Week1/Day2/Morning/lab-bash/lorem (master)
$ wc -l < sed.txt
9

mahna@MSSRFCP7 MINGW64 ~/Ironhack/Week1/Day2/Morning/lab-bash/lorem (master)
$ wc -l < lorem*
3

mahna@MSSRFCP7 MINGW64 ~/Ironhack/Week1/Day2/Morning/lab-bash/lorem (master)
$ read 'name'
echo 'name'

mahna@MSSRFCP7 MINGW64 ~/Ironhack/Week1/Day2/Morning/lab-bash/lorem (master)
$ mkdir name

mahna@MSSRFCP7 MINGW64 ~/Ironhack/Week1/Day2/Morning/lab-bash/lorem (master)
$ rm -r name
